src/components/sections/dashboard/task-overview/TaskOverviewTable.tsx(138,7): error TS2322: Type '{ apiRef: MutableRefObject<GridApiCommunity>; density: "standard"; columns: GridColDef<{ id: number; task: string; members: string[]; progress: number; status: string; timeLeft: string; }>[]; ... 10 more ...; pageSizeOptions: number[]; }' is not assignable to type 'IntrinsicAttributes & Omit<Partial<DataGridPropsWithDefaultValues> & DataGridPropsWithComplexDefaultValueBeforeProcessing & DataGridPropsWithoutDefaultValue<...>, DataGridForcedPropsKey> & { ...; } & RefAttributes<...>'.
  Property 'autosizeOptions' does not exist on type 'IntrinsicAttributes & Omit<Partial<DataGridPropsWithDefaultValues> & DataGridPropsWithComplexDefaultValueBeforeProcessing & DataGridPropsWithoutDefaultValue<...>, DataGridForcedPropsKey> & { ...; } & RefAttributes<...>'. Did you mean 'pageSizeOptions'?
src/pages/customer/CartPage.tsx(286,18): error TS2304: Cannot find name 'Divider'.
